de/othregensburg/yapnet/service/UserService.class
de/othregensburg/yapnet/repository/CommentRepository.class
de/othregensburg/yapnet/model/User.class
de/othregensburg/yapnet/controller/UserController.class
de/othregensburg/yapnet/service/RoleService.class
de/othregensburg/yapnet/dto/CommentDto.class
de/othregensburg/yapnet/config/WebConfig.class
de/othregensburg/yapnet/controller/FollowController.class
de/othregensburg/yapnet/dto/LoginResponseDto.class
de/othregensburg/yapnet/model/Like.class
de/othregensburg/yapnet/controller/StatsController.class
de/othregensburg/yapnet/model/Follow.class
de/othregensburg/yapnet/dto/UpdateUserProfileDto.class
de/othregensburg/yapnet/dto/CreateCommentDto.class
de/othregensburg/yapnet/repository/RoleRepository.class
de/othregensburg/yapnet/controller/TestController.class
de/othregensburg/yapnet/config/InitializationConfig.class
de/othregensburg/yapnet/service/PostService.class
de/othregensburg/yapnet/model/Post.class
de/othregensburg/yapnet/service/FollowService.class
de/othregensburg/yapnet/repository/FollowRepository.class
de/othregensburg/yapnet/model/Comment.class
de/othregensburg/yapnet/service/SimpleAuthService.class
de/othregensburg/yapnet/controller/PostController.class
de/othregensburg/yapnet/config/OpenAPIConfig.class
de/othregensburg/yapnet/controller/CommentController.class
de/othregensburg/yapnet/model/Role.class
de/othregensburg/yapnet/dto/FollowDto.class
de/othregensburg/yapnet/dto/RegisterRequestDto.class
de/othregensburg/yapnet/dto/UserStatsDto.class
de/othregensburg/yapnet/controller/GlobalExceptionHandler.class
de/othregensburg/yapnet/repository/LikeRepository.class
de/othregensburg/yapnet/service/CommentService.class
de/othregensburg/yapnet/YapnetApplication.class
de/othregensburg/yapnet/dto/PostDto.class
de/othregensburg/yapnet/repository/UserRepository.class
de/othregensburg/yapnet/dto/CreatePostDto.class
de/othregensburg/yapnet/repository/PostRepository.class
de/othregensburg/yapnet/dto/LoginRequestDto.class
de/othregensburg/yapnet/controller/AuthController.class
de/othregensburg/yapnet/dto/UserDto.class
