/Users/atharvaggarwal/Desktop/ics-wtp-yapnet/yapnet-backend/src/main/java/de/othregensburg/yapnet/model/Post.java
/Users/atharvaggarwal/Desktop/ics-wtp-yapnet/yapnet-backend/src/main/java/de/othregensburg/yapnet/controller/CommentController.java
/Users/atharvaggarwal/Desktop/ics-wtp-yapnet/yapnet-backend/src/main/java/de/othregensburg/yapnet/service/PostService.java
/Users/atharvaggarwal/Desktop/ics-wtp-yapnet/yapnet-backend/src/main/java/de/othregensburg/yapnet/dto/CreatePostDto.java
/Users/atharvaggarwal/Desktop/ics-wtp-yapnet/yapnet-backend/src/main/java/de/othregensburg/yapnet/service/SimpleAuthService.java
/Users/atharvaggarwal/Desktop/ics-wtp-yapnet/yapnet-backend/src/main/java/de/othregensburg/yapnet/dto/LoginResponseDto.java
/Users/atharvaggarwal/Desktop/ics-wtp-yapnet/yapnet-backend/src/main/java/de/othregensburg/yapnet/YapnetApplication.java
/Users/atharvaggarwal/Desktop/ics-wtp-yapnet/yapnet-backend/src/main/java/de/othregensburg/yapnet/dto/RegisterRequestDto.java
/Users/atharvaggarwal/Desktop/ics-wtp-yapnet/yapnet-backend/src/main/java/de/othregensburg/yapnet/dto/CommentDto.java
/Users/atharvaggarwal/Desktop/ics-wtp-yapnet/yapnet-backend/src/main/java/de/othregensburg/yapnet/repository/PostRepository.java
/Users/atharvaggarwal/Desktop/ics-wtp-yapnet/yapnet-backend/src/main/java/de/othregensburg/yapnet/repository/RoleRepository.java
/Users/atharvaggarwal/Desktop/ics-wtp-yapnet/yapnet-backend/src/main/java/de/othregensburg/yapnet/config/InitializationConfig.java
/Users/atharvaggarwal/Desktop/ics-wtp-yapnet/yapnet-backend/src/main/java/de/othregensburg/yapnet/controller/PostController.java
/Users/atharvaggarwal/Desktop/ics-wtp-yapnet/yapnet-backend/src/main/java/de/othregensburg/yapnet/dto/FollowDto.java
/Users/atharvaggarwal/Desktop/ics-wtp-yapnet/yapnet-backend/src/main/java/de/othregensburg/yapnet/dto/CreateCommentDto.java
/Users/atharvaggarwal/Desktop/ics-wtp-yapnet/yapnet-backend/src/main/java/de/othregensburg/yapnet/controller/FollowController.java
/Users/atharvaggarwal/Desktop/ics-wtp-yapnet/yapnet-backend/src/main/java/de/othregensburg/yapnet/dto/LoginRequestDto.java
/Users/atharvaggarwal/Desktop/ics-wtp-yapnet/yapnet-backend/src/main/java/de/othregensburg/yapnet/controller/AuthController.java
/Users/atharvaggarwal/Desktop/ics-wtp-yapnet/yapnet-backend/src/main/java/de/othregensburg/yapnet/dto/PostDto.java
/Users/atharvaggarwal/Desktop/ics-wtp-yapnet/yapnet-backend/src/main/java/de/othregensburg/yapnet/service/UserService.java
/Users/atharvaggarwal/Desktop/ics-wtp-yapnet/yapnet-backend/src/main/java/de/othregensburg/yapnet/model/User.java
/Users/atharvaggarwal/Desktop/ics-wtp-yapnet/yapnet-backend/src/main/java/de/othregensburg/yapnet/repository/CommentRepository.java
/Users/atharvaggarwal/Desktop/ics-wtp-yapnet/yapnet-backend/src/main/java/de/othregensburg/yapnet/config/OpenAPIConfig.java
/Users/atharvaggarwal/Desktop/ics-wtp-yapnet/yapnet-backend/src/main/java/de/othregensburg/yapnet/controller/TestController.java
/Users/atharvaggarwal/Desktop/ics-wtp-yapnet/yapnet-backend/src/main/java/de/othregensburg/yapnet/repository/UserRepository.java
/Users/atharvaggarwal/Desktop/ics-wtp-yapnet/yapnet-backend/src/main/java/de/othregensburg/yapnet/model/Comment.java
/Users/atharvaggarwal/Desktop/ics-wtp-yapnet/yapnet-backend/src/main/java/de/othregensburg/yapnet/service/RoleService.java
/Users/atharvaggarwal/Desktop/ics-wtp-yapnet/yapnet-backend/src/main/java/de/othregensburg/yapnet/config/WebConfig.java
/Users/atharvaggarwal/Desktop/ics-wtp-yapnet/yapnet-backend/src/main/java/de/othregensburg/yapnet/controller/StatsController.java
/Users/atharvaggarwal/Desktop/ics-wtp-yapnet/yapnet-backend/src/main/java/de/othregensburg/yapnet/repository/LikeRepository.java
/Users/atharvaggarwal/Desktop/ics-wtp-yapnet/yapnet-backend/src/main/java/de/othregensburg/yapnet/repository/FollowRepository.java
/Users/atharvaggarwal/Desktop/ics-wtp-yapnet/yapnet-backend/src/main/java/de/othregensburg/yapnet/model/Follow.java
/Users/atharvaggarwal/Desktop/ics-wtp-yapnet/yapnet-backend/src/main/java/de/othregensburg/yapnet/dto/UserStatsDto.java
/Users/atharvaggarwal/Desktop/ics-wtp-yapnet/yapnet-backend/src/main/java/de/othregensburg/yapnet/dto/UpdateUserProfileDto.java
/Users/atharvaggarwal/Desktop/ics-wtp-yapnet/yapnet-backend/src/main/java/de/othregensburg/yapnet/model/Like.java
/Users/atharvaggarwal/Desktop/ics-wtp-yapnet/yapnet-backend/src/main/java/de/othregensburg/yapnet/service/CommentService.java
/Users/atharvaggarwal/Desktop/ics-wtp-yapnet/yapnet-backend/src/main/java/de/othregensburg/yapnet/controller/UserController.java
/Users/atharvaggarwal/Desktop/ics-wtp-yapnet/yapnet-backend/src/main/java/de/othregensburg/yapnet/dto/UserDto.java
/Users/atharvaggarwal/Desktop/ics-wtp-yapnet/yapnet-backend/src/main/java/de/othregensburg/yapnet/service/FollowService.java
/Users/atharvaggarwal/Desktop/ics-wtp-yapnet/yapnet-backend/src/main/java/de/othregensburg/yapnet/model/Role.java
