de/othregensburg/yapnet/PostServiceTest.class
de/othregensburg/yapnet/model/RoleTest.class
de/othregensburg/yapnet/dto/UpdateUserProfileDtoTest.class
de/othregensburg/yapnet/controller/PostControllerTest.class
de/othregensburg/yapnet/CommentServiceTest.class
de/othregensburg/yapnet/dto/RegisterRequestDtoTest.class
de/othregensburg/yapnet/dto/FollowDtoTest.class
de/othregensburg/yapnet/controller/CommentControllerTest.class
de/othregensburg/yapnet/config/InitializationConfigTest.class
de/othregensburg/yapnet/model/FollowTest.class
de/othregensburg/yapnet/dto/PostDtoTest.class
de/othregensburg/yapnet/service/RoleServiceTest.class
de/othregensburg/yapnet/controller/TestControllerTest.class
de/othregensburg/yapnet/model/PostTest.class
de/othregensburg/yapnet/controller/AuthControllerTest.class
de/othregensburg/yapnet/dto/LoginResponseDtoTest.class
de/othregensburg/yapnet/controller/UserControllerTest.class
de/othregensburg/yapnet/dto/UserStatsDtoTest.class
de/othregensburg/yapnet/YapnetApplicationTests.class
de/othregensburg/yapnet/controller/FollowControllerTest.class
de/othregensburg/yapnet/model/UserTest.class
de/othregensburg/yapnet/dto/CommentDtoTest.class
de/othregensburg/yapnet/dto/CreateCommentDtoTest.class
de/othregensburg/yapnet/model/CommentTest.class
de/othregensburg/yapnet/dto/LoginRequestDtoTest.class
de/othregensburg/yapnet/dto/UserDtoTest.class
de/othregensburg/yapnet/FollowServiceTest.class
de/othregensburg/yapnet/controller/StatsControllerTest.class
de/othregensburg/yapnet/dto/CreatePostDtoTest.class
de/othregensburg/yapnet/service/SimpleAuthServiceTest.class
de/othregensburg/yapnet/service/UserServiceTest.class
