/Users/atharvaggarwal/Desktop/ics-wtp-yapnet/yapnet-backend/src/test/java/de/othregensburg/yapnet/dto/UpdateUserProfileDtoTest.java
/Users/atharvaggarwal/Desktop/ics-wtp-yapnet/yapnet-backend/src/test/java/de/othregensburg/yapnet/FollowServiceTest.java
/Users/atharvaggarwal/Desktop/ics-wtp-yapnet/yapnet-backend/src/test/java/de/othregensburg/yapnet/dto/UserStatsDtoTest.java
/Users/atharvaggarwal/Desktop/ics-wtp-yapnet/yapnet-backend/src/test/java/de/othregensburg/yapnet/service/SimpleAuthServiceTest.java
/Users/atharvaggarwal/Desktop/ics-wtp-yapnet/yapnet-backend/src/test/java/de/othregensburg/yapnet/dto/CreateCommentDtoTest.java
/Users/atharvaggarwal/Desktop/ics-wtp-yapnet/yapnet-backend/src/test/java/de/othregensburg/yapnet/dto/CreatePostDtoTest.java
/Users/atharvaggarwal/Desktop/ics-wtp-yapnet/yapnet-backend/src/test/java/de/othregensburg/yapnet/controller/FollowControllerTest.java
/Users/atharvaggarwal/Desktop/ics-wtp-yapnet/yapnet-backend/src/test/java/de/othregensburg/yapnet/dto/RegisterRequestDtoTest.java
/Users/atharvaggarwal/Desktop/ics-wtp-yapnet/yapnet-backend/src/test/java/de/othregensburg/yapnet/dto/FollowDtoTest.java
/Users/atharvaggarwal/Desktop/ics-wtp-yapnet/yapnet-backend/src/test/java/de/othregensburg/yapnet/dto/UserDtoTest.java
/Users/atharvaggarwal/Desktop/ics-wtp-yapnet/yapnet-backend/src/test/java/de/othregensburg/yapnet/model/RoleTest.java
/Users/atharvaggarwal/Desktop/ics-wtp-yapnet/yapnet-backend/src/test/java/de/othregensburg/yapnet/config/InitializationConfigTest.java
/Users/atharvaggarwal/Desktop/ics-wtp-yapnet/yapnet-backend/src/test/java/de/othregensburg/yapnet/model/FollowTest.java
/Users/atharvaggarwal/Desktop/ics-wtp-yapnet/yapnet-backend/src/test/java/de/othregensburg/yapnet/controller/TestControllerTest.java
/Users/atharvaggarwal/Desktop/ics-wtp-yapnet/yapnet-backend/src/test/java/de/othregensburg/yapnet/dto/PostDtoTest.java
/Users/atharvaggarwal/Desktop/ics-wtp-yapnet/yapnet-backend/src/test/java/de/othregensburg/yapnet/YapnetApplicationTests.java
/Users/atharvaggarwal/Desktop/ics-wtp-yapnet/yapnet-backend/src/test/java/de/othregensburg/yapnet/controller/StatsControllerTest.java
/Users/atharvaggarwal/Desktop/ics-wtp-yapnet/yapnet-backend/src/test/java/de/othregensburg/yapnet/dto/CommentDtoTest.java
/Users/atharvaggarwal/Desktop/ics-wtp-yapnet/yapnet-backend/src/test/java/de/othregensburg/yapnet/controller/PostControllerTest.java
/Users/atharvaggarwal/Desktop/ics-wtp-yapnet/yapnet-backend/src/test/java/de/othregensburg/yapnet/RoleServiceTest.java
/Users/atharvaggarwal/Desktop/ics-wtp-yapnet/yapnet-backend/src/test/java/de/othregensburg/yapnet/service/UserServiceTest.java
/Users/atharvaggarwal/Desktop/ics-wtp-yapnet/yapnet-backend/src/test/java/de/othregensburg/yapnet/PostServiceTest.java
/Users/atharvaggarwal/Desktop/ics-wtp-yapnet/yapnet-backend/src/test/java/de/othregensburg/yapnet/controller/AuthControllerTest.java
/Users/atharvaggarwal/Desktop/ics-wtp-yapnet/yapnet-backend/src/test/java/de/othregensburg/yapnet/dto/LoginResponseDtoTest.java
/Users/atharvaggarwal/Desktop/ics-wtp-yapnet/yapnet-backend/src/test/java/de/othregensburg/yapnet/controller/CommentControllerTest.java
/Users/atharvaggarwal/Desktop/ics-wtp-yapnet/yapnet-backend/src/test/java/de/othregensburg/yapnet/model/UserTest.java
/Users/atharvaggarwal/Desktop/ics-wtp-yapnet/yapnet-backend/src/test/java/de/othregensburg/yapnet/controller/UserControllerTest.java
/Users/atharvaggarwal/Desktop/ics-wtp-yapnet/yapnet-backend/src/test/java/de/othregensburg/yapnet/dto/LoginRequestDtoTest.java
/Users/atharvaggarwal/Desktop/ics-wtp-yapnet/yapnet-backend/src/test/java/de/othregensburg/yapnet/model/PostTest.java
/Users/atharvaggarwal/Desktop/ics-wtp-yapnet/yapnet-backend/src/test/java/de/othregensburg/yapnet/CommentServiceTest.java
/Users/atharvaggarwal/Desktop/ics-wtp-yapnet/yapnet-backend/src/test/java/de/othregensburg/yapnet/model/CommentTest.java
